// Jest Snapshot v1, https://goo.gl/fbAQLP

exports[`Gitt at Tag skal vises vanlig Når Tagen vises Så ser den ut slik den skal 1`] = `
<div>
  <span
    class="tag tag--medium tag--blueberry tag--normal"
    data-analyticsid="tag"
  >
    Tekst
  </span>
</div>
`;
