// Jest Snapshot v1, https://goo.gl/fbAQLP

exports[`Gitt at Input skal vises Når Input rendres Så vises Input 1`] = `
<div>
  <div
    class="input-wrapper"
    data-analyticsid="input"
  >
    <div
      class="input-wrapper__label-wrapper"
    >
      <label
        for="-unik-id"
      >
        Skriv noe
      </label>
    </div>
    <div
      class="content-wrapper"
    >
      <input
        aria-invalid="false"
        autocomplete="off"
        class="content-wrapper__input"
        id="-unik-id"
        type="text"
        value=""
      />
    </div>
  </div>
</div>
`;
