// Vitest Snapshot v1, https://vitest.dev/guide/snapshot.html

exports[`Gitt at Badge skal vises > Når Badge har tekst > Så vises teksten 1`] = `
<div>
  <span
    class="badge"
    data-analyticsid="badge"
  >
    123
  </span>
</div>
`;
