// Vitest Snapshot v1, https://vitest.dev/guide/snapshot.html

exports[`Gitt at Tag skal vises vanlig > NÃ¥r Tagen vises > SÃ¥ ser den ut slik den skal 1`] = `
<div>
  <ul
    class="tag-list"
    data-analyticsid="tag-list"
  >
    <li
      class="tag-list__item"
    >
      <span
        class="tag tag--medium tag--blueberry tag--normal"
        data-analyticsid="tag"
      >
        Tekst
      </span>
    </li>
    <li
      class="tag-list__item"
    >
      <span
        class="tag tag--medium tag--blueberry tag--normal"
        data-analyticsid="tag"
      >
        Mer tekst
      </span>
    </li>
  </ul>
</div>
`;
