// Jest Snapshot v1, https://goo.gl/fbAQLP

exports[`Gitt at NotificationPanel skal vises Når panelet kan lukkes Så kalles onClick-handleren når man klikker på knappen 1`] = `
<div>
  <div
    class="notification-panel notification-panel--info notification-panel--has-children notification-panel--dismissable"
    data-analyticsid="notification-panel"
  >
    <span
      class="notification-panel__icon"
    >
      <svg
        aria-hidden="true"
        class="hnds-style-icon "
        data-analyticsid="icon"
        fill="#078141"
        height="48"
        role="img"
        style="min-width: 48px; min-height: 48px;"
        viewBox="0 0 48 48"
        width="48"
      >
        <path
          d="M25.672 30.501a.682.682 0 01-.322-.272.835.835 0 01-.11-.443v-7.917l-.112-.112-3.651.194v.544c.148.015.314.05.495.104.18.055.316.112.406.172a.994.994 0 01.299.316.88.88 0 01.119.459v6.337a.879.879 0 01-.098.443.623.623 0 01-.335.257c-.09.035-.197.06-.32.074a8.883 8.883 0 01-.38.038v.544h4.709v-.544a2.45 2.45 0 01-.7-.194M24 37.604c-7.5 0-13.604-6.103-13.604-13.604 0-7.501 6.104-13.603 13.604-13.603 7.502 0 13.602 6.102 13.602 13.603 0 7.501-6.1 13.604-13.601 13.604m0-28.909C15.56 8.695 8.694 15.562 8.694 24c0 8.438 6.867 15.305 15.305 15.305 8.438 0 15.304-6.867 15.304-15.305 0-8.438-6.866-15.305-15.304-15.305m-.274 10.632a1.559 1.559 0 100-3.118 1.559 1.559 0 000 3.118"
        />
      </svg>
    </span>
    <section
      aria-label="Some text here for testing."
      class="notification-panel__content"
    >
      Some text here for testing.
    </section>
    <span
      class="notification-panel__close"
    >
      <button
        aria-label="Lukk"
        class="close"
        data-analyticsid="close"
        type="button"
      >
        <svg
          aria-hidden="true"
          class="hnds-style-icon "
          data-analyticsid="icon"
          fill="#126F87"
          height="48"
          role="img"
          style="min-width: 48px; min-height: 48px;"
          viewBox="0 0 48 48"
          width="48"
        >
          <path
            d="M25.403 24l10.259-10.259-1.403-1.403L24 22.597l-10.259-10.26-1.403 1.403L22.597 24 12.338 34.26l1.403 1.403L24 25.403l10.259 10.259 1.403-1.403z"
          />
        </svg>
      </button>
    </span>
  </div>
</div>
`;

exports[`Gitt at NotificationPanel skal vises Når panelet vises med default props Så rendres komponenten riktig 1`] = `
<div>
  <div
    class="notification-panel notification-panel--info notification-panel--has-children"
    data-analyticsid="notification-panel"
  >
    <span
      class="notification-panel__icon"
    >
      <svg
        aria-hidden="true"
        class="hnds-style-icon "
        data-analyticsid="icon"
        fill="#078141"
        height="48"
        role="img"
        style="min-width: 48px; min-height: 48px;"
        viewBox="0 0 48 48"
        width="48"
      >
        <path
          d="M25.672 30.501a.682.682 0 01-.322-.272.835.835 0 01-.11-.443v-7.917l-.112-.112-3.651.194v.544c.148.015.314.05.495.104.18.055.316.112.406.172a.994.994 0 01.299.316.88.88 0 01.119.459v6.337a.879.879 0 01-.098.443.623.623 0 01-.335.257c-.09.035-.197.06-.32.074a8.883 8.883 0 01-.38.038v.544h4.709v-.544a2.45 2.45 0 01-.7-.194M24 37.604c-7.5 0-13.604-6.103-13.604-13.604 0-7.501 6.104-13.603 13.604-13.603 7.502 0 13.602 6.102 13.602 13.603 0 7.501-6.1 13.604-13.601 13.604m0-28.909C15.56 8.695 8.694 15.562 8.694 24c0 8.438 6.867 15.305 15.305 15.305 8.438 0 15.304-6.867 15.304-15.305 0-8.438-6.866-15.305-15.304-15.305m-.274 10.632a1.559 1.559 0 100-3.118 1.559 1.559 0 000 3.118"
        />
      </svg>
    </span>
    <section
      aria-label="Some text here for testing."
      class="notification-panel__content"
    >
      Some text here for testing.
    </section>
  </div>
</div>
`;
