// Jest Snapshot v1, https://goo.gl/fbAQLP

exports[`displays a list of 4 elements 1`] = `
<div>
  <ul
    class="list"
    data-analyticsid="list"
  >
    <li
      class="list__item"
    >
      <h1>
        Tjeneste 1
      </h1>
    </li>
    <li
      class="list__item"
    >
      <h1>
        Tjeneste 2
      </h1>
    </li>
    <li
      class="list__item"
    >
      <h1>
        Tjeneste 3
      </h1>
    </li>
    <li
      class="list__item"
    >
      <h1>
        Tjeneste 4
      </h1>
    </li>
  </ul>
</div>
`;
