// Jest Snapshot v1, https://goo.gl/fbAQLP

exports[`Gitt at en modal skal vises  N책r en modal har variant error S책 skal bakgrunnen endre seg til riktig farge og det vises et ikon 1`] = `
<div>
  <div
    data-testid="dialog-container"
  >
    <div
      class="modal-overlay"
    >
      <div
        class="align"
      >
        <div
          aria-labelledby="titleid02"
          class="modal modal--error"
          role="dialog"
        >
          <div
            class="modal__close"
          >
            <button
              aria-label="Lukk"
              class="modal__lukkekryss"
              role="button"
            >
              <svg
                aria-hidden="true"
                class="hnds-style-icon "
                fill="#126F87"
                height="42"
                role="img"
                style="min-width: 42px; min-height: 42px;"
                viewBox="0 0 48 48"
                width="42"
              >
                <path
                  d="M25.403 24l10.259-10.259-1.403-1.403L24 22.597l-10.259-10.26-1.403 1.403L22.597 24 12.338 34.26l1.403 1.403L24 25.403l10.259 10.259 1.403-1.403z"
                />
              </svg>
            </button>
          </div>
          <div
            class="modal__contentWrapper"
          >
            <div
              class="modal__contentWrapper__title"
            >
              <div>
                <svg
                  aria-hidden="true"
                  class="hnds-style-icon "
                  fill="#C83521"
                  height="48"
                  role="img"
                  style="min-width: 48px; min-height: 48px;"
                  viewBox="0 0 48 48"
                  width="48"
                >
                  <path
                    d="M24.898 21.447v7.228a.893.893 0 01-1.785 0v-7.228a.892.892 0 111.785 0zm.5 11.601a1.394 1.394 0 11-2.787-.001 1.394 1.394 0 012.787.001zm-18.822 6.71h34.847L24.111 8.242 6.576 39.758z"
                  />
                </svg>
              </div>
              <div>
                <h3
                  class="title title--title3"
                  id="titleid02"
                  style="margin-top: 0rem; margin-bottom: 0rem;"
                >
                  Hei der
                </h3>
              </div>
            </div>
            <div
              class="modal__contentWrapper__content"
            />
            <div
              class="modal__actions"
            >
              <button
                class="button button--fill button--fill-not-inverted"
              >
                <span
                  class="content-wrapper"
                >
                  <span
                    class="button__content button__content--fill button__content--fill-not-inverted"
                  >
                    OK
                  </span>
                </span>
              </button>
              <button
                class="button button--borderless"
              >
                <span
                  class="content-wrapper"
                >
                  <span
                    class="button__content button__content--borderless"
                  >
                    Avbryt
                  </span>
                </span>
              </button>
            </div>
          </div>
        </div>
      </div>
    </div>
  </div>
</div>
`;

exports[`Gitt at en modal skal vises  N책r en modal har variant warning S책 skal bakgrunnen endre seg til riktig farge og det vises et ikon 1`] = `
<div>
  <div
    data-testid="dialog-container"
  >
    <div
      class="modal-overlay"
    >
      <div
        class="align"
      >
        <div
          aria-labelledby="titleid01"
          class="modal modal--warning"
          role="dialog"
        >
          <div
            class="modal__close"
          >
            <button
              aria-label="Lukk"
              class="modal__lukkekryss"
              role="button"
            >
              <svg
                aria-hidden="true"
                class="hnds-style-icon "
                fill="#126F87"
                height="42"
                role="img"
                style="min-width: 42px; min-height: 42px;"
                viewBox="0 0 48 48"
                width="42"
              >
                <path
                  d="M25.403 24l10.259-10.259-1.403-1.403L24 22.597l-10.259-10.26-1.403 1.403L22.597 24 12.338 34.26l1.403 1.403L24 25.403l10.259 10.259 1.403-1.403z"
                />
              </svg>
            </button>
          </div>
          <div
            class="modal__contentWrapper"
          >
            <div
              class="modal__contentWrapper__title"
            >
              <div>
                <svg
                  aria-hidden="true"
                  class="hnds-style-icon "
                  fill="#000000"
                  height="48"
                  role="img"
                  style="min-width: 48px; min-height: 48px;"
                  viewBox="0 0 48 48"
                  width="48"
                >
                  <path
                    d="M24.003 31.578a1.394 1.394 0 100 2.788 1.394 1.394 0 000-2.788zm.098-20.19l14.687 26.735H9.227L24.1 11.388zm.008-2.929L6.816 39.541h34.367L24.109 8.459zm-.106 21.033c.494 0 .893-.4.893-.893v-7.228a.893.893 0 00-1.786 0v7.228c0 .493.4.893.893.893z"
                  />
                </svg>
              </div>
              <div>
                <h3
                  class="title title--title3"
                  id="titleid01"
                  style="margin-top: 0rem; margin-bottom: 0rem;"
                >
                  Hei der
                </h3>
              </div>
            </div>
            <div
              class="modal__contentWrapper__content"
            />
            <div
              class="modal__actions"
            >
              <button
                class="button button--fill button--fill-not-inverted"
              >
                <span
                  class="content-wrapper"
                >
                  <span
                    class="button__content button__content--fill button__content--fill-not-inverted"
                  >
                    OK
                  </span>
                </span>
              </button>
              <button
                class="button button--borderless"
              >
                <span
                  class="content-wrapper"
                >
                  <span
                    class="button__content button__content--borderless"
                  >
                    Avbryt
                  </span>
                </span>
              </button>
            </div>
          </div>
        </div>
      </div>
    </div>
  </div>
</div>
`;
