// Jest Snapshot v1, https://goo.gl/fbAQLP

exports[`Gitt at FormGroup skal vises Når FormGroup rendres Så vises FormGroup 1`] = `
<div>
  <div
    class="form-group-wrapper"
  >
    <h4
      class="title title--title4 form-group-wrapper__title"
      style="margin-top: 0rem; margin-bottom: 0rem;"
    >
      One amazing title
    </h4>
    <div
      class="form-group"
    >
      <fieldset
        class="field-set"
        name="One amazing title"
      >
        <legend
          class="field-set__legend"
        >
          Check out these checkboxes!
        </legend>
        <div
          class="checkbox-wrapper"
        >
          <label
            class="checkbox-label"
            for="Checkbox1"
          >
            <input
              aria-invalid="false"
              aria-required="false"
              class="checkbox"
              id="Checkbox1"
              name="Checkbox1"
              type="checkbox"
              value="Checkbox 1"
            />
            <span
              class="checkbox__icon-wrapper"
            />
            Checkbox 1
          </label>
        </div>
        <div
          class="checkbox-wrapper"
        >
          <label
            class="checkbox-label"
            for="Checkbox2"
          >
            <input
              aria-invalid="false"
              aria-required="false"
              class="checkbox"
              id="Checkbox2"
              name="Checkbox2"
              type="checkbox"
              value="Checkbox 2"
            />
            <span
              class="checkbox__icon-wrapper"
            />
            Checkbox 2
          </label>
        </div>
        <div
          class="checkbox-wrapper"
        >
          <label
            class="checkbox-label"
            for="Checkbox3"
          >
            <input
              aria-invalid="false"
              aria-required="false"
              class="checkbox"
              id="Checkbox3"
              name="Checkbox3"
              type="checkbox"
              value="Checkbox 3"
            />
            <span
              class="checkbox__icon-wrapper"
            />
            Checkbox 3
          </label>
        </div>
      </fieldset>
    </div>
  </div>
</div>
`;
