// Jest Snapshot v1, https://goo.gl/fbAQLP

exports[`Gitt at Title skal rendres Gitt at Title skal vises vanlig SÃ¥ rendres Title riktig 1`] = `
<div>
  <h1
    class="title title--title1"
    data-analyticsid="title"
    style="margin-top: 0rem; margin-bottom: 0rem;"
  >
    Title
  </h1>
</div>
`;
