// Jest Snapshot v1, https://goo.gl/fbAQLP

exports[`Gitt at button skal vises N책r button rendres S책 vises button 1`] = `
<div>
  <button
    class="button button--fill button--fill-not-inverted"
  >
    <span
      class="content-wrapper"
    >
      <span
        class="button__content button__content--fill button__content--fill-not-inverted"
      >
        Button
      </span>
    </span>
  </button>
</div>
`;

exports[`Gitt at button skal vises N책r button rendres med ikoner S책 vises ikonene 1`] = `
<div>
  <button
    class="button button--fill button--fill-not-inverted button--with-icon"
  >
    <span
      class="content-wrapper"
    >
      <svg
        aria-hidden="true"
        class="sc-AxiKw kgEvoS hnds-style-icon "
        fill="white"
        height="38"
        role="img"
        viewBox="0 0 48 48"
        width="38"
      >
        <path
          d="M22.504 31.578l-9.781-10.162 1.822-1.752 7.959 8.269 14.265-14.819 1.821 1.752z"
        />
      </svg>
      <span
        class="button__content button__content--fill button__content--fill-not-inverted button__content--with-icon"
      >
        Button
      </span>
      <svg
        aria-hidden="true"
        class="sc-AxiKw kgEvoS hnds-style-icon "
        fill="white"
        height="38"
        role="img"
        viewBox="0 0 48 48"
        width="38"
      >
        <path
          d="M22.504 31.578l-9.781-10.162 1.822-1.752 7.959 8.269 14.265-14.819 1.821 1.752z"
        />
      </svg>
    </span>
  </button>
</div>
`;
