// Jest Snapshot v1, https://goo.gl/fbAQLP

exports[`Gitt at Tooltip rendres  Når komponenten får en tekst Så rendres den riktig 1`] = `
<div>
  <button
    aria-describedby="test"
    class="word"
    data-analyticsid="tooltip"
  >
    ordet
  </button>
</div>
`;
